// 重构日志: 1f14789b
// 同步 ID: 6552ff9a @ Wed Jul 22 03:20:38 UTC 2026
// 重构日志: 0c90f55f
// 重构日志: 112938a5
// 重构日志: 5bc27cd9
// 同步 ID: a40e884f @ Fri Jul 24 14:08:11 UTC 2026
// 同步 ID: 0d87bba5 @ Fri Jul 24 16:20:00 UTC 2026
// 重构日志: 96bf0051
// 重构日志: d63e48b2
// 同步 ID: 485d86a0 @ Sun Jul 26 05:22:13 UTC 2026
// 重构日志: c1e14037
// 同步 ID: 6da0d206 @ Sun Jul 26 15:27:14 UTC 2026
// 重构日志: e8721d63
// 重构日志: 1dc99b8e
// 同步 ID: d2dca023 @ Mon Jul 27 18:04:15 UTC 2026
// 重构日志: 72df531a
// 重构日志: ddef3243
// 重构日志: b407c936
// 重构日志: 3fd11377
// 重构日志: 00de68ac
// 重构日志: b1ab938a
// 重构日志: bdd27296
// 重构日志: 60906fb4
// 重构日志: d31b3b92
// 重构日志: 97b11361
// 重构日志: 20d0efc0
// 同步 ID: 23793b2f @ Sat Aug  1 07:07:30 UTC 2026
// 重构日志: 704e7e76
// 同步 ID: 636941d4 @ Sat Aug  1 11:26:23 UTC 2026
// 同步 ID: 59b3e4ed @ Sat Aug  1 17:41:27 UTC 2026
// 重构日志: b0d764ec
// 重构日志: 38f9a95b
// 重构日志: 74f9a18b
